USING RUNNER: behave.runner:Runner
Feature: Create Job Opening # features/create_job_opening.feature:1
  As an HR manager
  I want to create new job openings
  So that I can start the recruitment process for positions2025-12-16 13:01:24,908 - INFO - talent-talks-automation - Starting scenario: Create job opening and verify it appears in the list -- @1.1 

  @ui @job @smoke @e2e
  Scenario Outline: Create job opening and verify it appears in the list -- @1.1              # features/create_job_opening.feature:60
    Given I am logged in as a valid user                                                      # features/steps/create_job_opening_steps.py:21
      ASSERT FAILED: Dashboard did not load after login

2025-12-16 13:01:34,058 - INFO - talent-talks-automation - Finished scenario: Create job opening and verify it appears in the list -- @1.1  - Status: Status.failed
    And I navigate to the Create Job Opening page                                             # None
    When I load job opening data for "python_developer"                                       # None
    And I fill in "Job Opening Name" with value from scenario "job_name"                      # None
    And I fill in "Enter or paste job description" with value from scenario "job_description" # None
    And I set "Interview Duration (minutes)" to 30                                            # None
    And I check the "Enable Resume Evaluation" checkbox                                       # None
    And I set "Resume Evaluation Percentage" to 100                                           # None
    And I click the "Create Job Opening" button                                               # None
    And I wait for 2 seconds                                                                  # None
    When I navigate to View Job Openings page                                                 # None
    Then I should see the item stored as "created_job_name" in the list                       # None
    And the item stored as "created_job_name" should have status "Active"                     # None
    When I load candidate data for "python_developer"                                         # None
    And I navigate to "/interviews/new" page                                                  # None
    And I select from "Select Job Opening" the value stored as "created_job_name"             # None
    And I fill in "Candidate Name" with value from scenario "candidate_name"                  # None
    And I fill in "Candidate Email" with value from scenario "candidate_email"                # None
    And I fill in "Interview Date" with tomorrow's date                                       # None
    And I fill in "Interview Time" with "10:00"                                               # None
    And I upload the file from "cv_file" to "Select CV File"                                  # None
    And I upload the file from "photo_file" to "Select Image"                                 # None
    And I click the "Schedule Interview" button                                               # None
    Then the interview should be scheduled successfully                                       # None
    When I wait for 3 seconds                                                                 # None
    When I navigate to View Interviews page                                                   # None
    Then I should see the recently created interview                                          # None
    Given I connect to Gmail inbox                                                            # None
    When I wait for email with subject containing "Interview Invitation" for 60 seconds       # None
    Then the email should be received                                                         # None
    And the email should contain interview link                                               # None
    And the email should be sent to "vibhorgoyal.talenttalks@gmail.com"                       # None
    When I navigate to View Interviews page                                                   # None
    And I click the 3-dot menu for the recently created interview                             # None
    And I click the "Delete" option from the menu                                             # None
    Then the interview should be deleted successfully                                         # None
    And I should not see the recently created interview                                       # None


Failing scenarios:
  features/create_job_opening.feature:60  Create job opening and verify it appears in the list -- @1.1 

0 features passed, 1 failed, 0 skipped
0 scenarios passed, 1 failed, 0 skipped
0 steps passed, 1 failed, 36 skipped
Took 0min 9.094s
